[   100000]    97s  到达 68/200  碰撞 25  超时 107
            -> 新的最佳模型 (到达 68/200), 存到 models/s1_v6_875g/best/
[   200000]   206s  到达 115/200  碰撞 28  超时 57
            -> 新的最佳模型 (到达 115/200), 存到 models/s1_v6_875g/best/
[   300000]   314s  到达 126/200  碰撞 32  超时 42
            -> 新的最佳模型 (到达 126/200), 存到 models/s1_v6_875g/best/
[   400000]   420s  到达 132/200  碰撞 42  超时 26
            -> 新的最佳模型 (到达 132/200), 存到 models/s1_v6_875g/best/
[   500000]   525s  到达 133/200  碰撞 44  超时 23
            -> 新的最佳模型 (到达 133/200), 存到 models/s1_v6_875g/best/
[   600000]   629s  到达 142/200  碰撞 41  超时 17
            -> 新的最佳模型 (到达 142/200), 存到 models/s1_v6_875g/best/
[   700000]   735s  到达 134/200  碰撞 43  超时 23
[   800000]   841s  到达 138/200  碰撞 38  超时 24
[   900000]   945s  到达 138/200  碰撞 34  超时 28
[  1000000]  1052s  到达 135/200  碰撞 32  超时 33
[  1100000]  1161s  到达 137/200  碰撞 35  超时 28
[  1200000]  1268s  到达 142/200  碰撞 34  超时 24
[  1300000]  1378s  到达 137/200  碰撞 36  超时 27
[  1400000]  1487s  到达 106/200  碰撞 31  超时 63
[  1500000]  1567s  到达 122/200  碰撞 31  超时 47
[  1600000]  1641s  到达 130/200  碰撞 28  超时 42
[  1700000]  1714s  到达 119/200  碰撞 33  超时 48
[  1800000]  1784s  到达 136/200  碰撞 39  超时 25
[  1900000]  1852s  到达 138/200  碰撞 44  超时 18
[  2000000]  1925s  到达 129/200  碰撞 45  超时 26
[  2100000]  1996s  到达 136/200  碰撞 39  超时 25
[  2200000]  2067s  到达 133/200  碰撞 39  超时 28
[  2300000]  2139s  到达 131/200  碰撞 37  超时 32
[  2400000]  2209s  到达 127/200  碰撞 42  超时 31
[  2500000]  2281s  到达 131/200  碰撞 43  超时 26
[  2600000]  2352s  到达 127/200  碰撞 42  超时 31
[  2700000]  2423s  到达 127/200  碰撞 46  超时 27
[  2800000]  2497s  到达 83/200  碰撞 40  超时 77
[  2900000]  2570s  到达 120/200  碰撞 39  超时 41
[  3000000]  2645s  到达 109/200  碰撞 35  超时 56
[  3100000]  2720s  到达 112/200  碰撞 35  超时 53
[  3200000]  2795s  到达 111/200  碰撞 30  超时 59
[  3300000]  2870s  到达 110/200  碰撞 32  超时 58
[  3400000]  2942s  到达 132/200  碰撞 37  超时 31
[  3500000]  3013s  到达 132/200  碰撞 39  超时 29
[  3600000]  3086s  到达 132/200  碰撞 35  超时 33
[  3700000]  3158s  到达 130/200  碰撞 42  超时 28
[  3800000]  3229s  到达 125/200  碰撞 43  超时 32
[  3900000]  3301s  到达 132/200  碰撞 36  超时 32
[  4000000]  3373s  到达 118/200  碰撞 42  超时 40
FINAL 到达 117/200 碰撞 43 超时 40
== DONE
