[   100000]    39s  到达 149/200  碰撞 47  超时 4
[   200000]    81s  到达 172/200  碰撞 28  超时 0
[   300000]   121s  到达 166/200  碰撞 34  超时 0
[   400000]   161s  到达 160/200  碰撞 39  超时 1
[   500000]   202s  到达 170/200  碰撞 29  超时 1
[   600000]   243s  到达 172/200  碰撞 28  超时 0
[   700000]   283s  到达 166/200  碰撞 34  超时 0
[   800000]   323s  到达 168/200  碰撞 32  超时 0
[   900000]   362s  到达 168/200  碰撞 32  超时 0
[  1000000]   402s  到达 177/200  碰撞 23  超时 0
[  1100000]   442s  到达 177/200  碰撞 22  超时 1
[  1200000]   481s  到达 174/200  碰撞 26  超时 0
[  1300000]   520s  到达 167/200  碰撞 32  超时 1
[  1400000]   559s  到达 165/200  碰撞 35  超时 0
[  1500000]   598s  到达 159/200  碰撞 40  超时 1
[  1600000]   636s  到达 163/200  碰撞 36  超时 1
[  1700000]   675s  到达 162/200  碰撞 33  超时 5
[  1800000]   713s  到达 159/200  碰撞 41  超时 0
[  1900000]   752s  到达 154/200  碰撞 45  超时 1
[  2000000]   790s  到达 153/200  碰撞 46  超时 1
[  2100000]   829s  到达 159/200  碰撞 40  超时 1
[  2200000]   867s  到达 157/200  碰撞 42  超时 1
[  2300000]   905s  到达 151/200  碰撞 49  超时 0
[  2400000]   943s  到达 159/200  碰撞 41  超时 0
[  2500000]   981s  到达 164/200  碰撞 36  超时 0
[  2600000]  1020s  到达 163/200  碰撞 37  超时 0
[  2700000]  1058s  到达 160/200  碰撞 40  超时 0
[  2800000]  1096s  到达 158/200  碰撞 42  超时 0
[  2900000]  1135s  到达 163/200  碰撞 35  超时 2
[  3000000]  1175s  到达 170/200  碰撞 28  超时 2
[  3100000]  1214s  到达 173/200  碰撞 25  超时 2
[  3200000]  1254s  到达 166/200  碰撞 33  超时 1
[  3300000]  1292s  到达 162/200  碰撞 38  超时 0
[  3400000]  1332s  到达 167/200  碰撞 33  超时 0
[  3500000]  1370s  到达 163/200  碰撞 37  超时 0
[  3600000]  1410s  到达 175/200  碰撞 25  超时 0
[  3700000]  1450s  到达 174/200  碰撞 26  超时 0
[  3800000]  1490s  到达 168/200  碰撞 32  超时 0
[  3900000]  1529s  到达 160/200  碰撞 40  超时 0
[  4000000]  1568s  到达 159/200  碰撞 41  超时 0
FINAL 到达 158/200 碰撞 42 超时 0
== DONE
