[   100000]    54s  到达 132/200  碰撞 31  超时 37
[   200000]   110s  到达 134/200  碰撞 32  超时 34
[   300000]   163s  到达 122/200  碰撞 35  超时 43
[   400000]   214s  到达 134/200  碰撞 31  超时 35
[   500000]   266s  到达 140/200  碰撞 32  超时 28
[   600000]   316s  到达 130/200  碰撞 37  超时 33
[   700000]   367s  到达 128/200  碰撞 35  超时 37
[   800000]   418s  到达 128/200  碰撞 36  超时 36
[   900000]   468s  到达 137/200  碰撞 36  超时 27
[  1000000]   518s  到达 138/200  碰撞 32  超时 30
[  1100000]   567s  到达 138/200  碰撞 34  超时 28
[  1200000]   615s  到达 142/200  碰撞 33  超时 25
[  1300000]   665s  到达 141/200  碰撞 31  超时 28
[  1400000]   713s  到达 141/200  碰撞 34  超时 25
[  1500000]   762s  到达 144/200  碰撞 32  超时 24
[  1600000]   811s  到达 144/200  碰撞 33  超时 23
[  1700000]   859s  到达 148/200  碰撞 33  超时 19
[  1800000]   909s  到达 148/200  碰撞 33  超时 19
[  1900000]   957s  到达 141/200  碰撞 38  超时 21
[  2000000]  1006s  到达 145/200  碰撞 35  超时 20
[  2100000]  1054s  到达 146/200  碰撞 34  超时 20
[  2200000]  1102s  到达 145/200  碰撞 35  超时 20
[  2300000]  1151s  到达 148/200  碰撞 35  超时 17
[  2400000]  1198s  到达 145/200  碰撞 38  超时 17
[  2500000]  1246s  到达 144/200  碰撞 40  超时 16
[  2600000]  1295s  到达 143/200  碰撞 32  超时 25
[  2700000]  1343s  到达 126/200  碰撞 37  超时 37
[  2800000]  1393s  到达 127/200  碰撞 37  超时 36
[  2900000]  1444s  到达 127/200  碰撞 37  超时 36
[  3000000]  1489s  到达 131/200  碰撞 41  超时 28
[  3100000]  1532s  到达 130/200  碰撞 38  超时 32
[  3200000]  1581s  到达 137/200  碰撞 37  超时 26
[  3300000]  1629s  到达 139/200  碰撞 39  超时 22
[  3400000]  1675s  到达 130/200  碰撞 43  超时 27
[  3500000]  1710s  到达 138/200  碰撞 39  超时 23
[  3600000]  1744s  到达 138/200  碰撞 40  超时 22
[  3700000]  1778s  到达 138/200  碰撞 37  超时 25
[  3800000]  1813s  到达 141/200  碰撞 37  超时 22
[  3900000]  1848s  到达 130/200  碰撞 40  超时 30
[  4000000]  1882s  到达 127/200  碰撞 45  超时 28
FINAL 到达 126/200 碰撞 46 超时 28
== DONE
