[   100000]   107s  到达 63/200  碰撞 0  超时 137
            -> 新的最佳模型 (到达 63/200), 存到 models/s1_v6_875g_nocreep/best/
[   200000]   225s  到达 126/200  碰撞 0  超时 74
            -> 新的最佳模型 (到达 126/200), 存到 models/s1_v6_875g_nocreep/best/
[   300000]   348s  到达 143/200  碰撞 0  超时 57
            -> 新的最佳模型 (到达 143/200), 存到 models/s1_v6_875g_nocreep/best/
[   400000]   466s  到达 152/200  碰撞 0  超时 48
            -> 新的最佳模型 (到达 152/200), 存到 models/s1_v6_875g_nocreep/best/
[   500000]   580s  到达 158/200  碰撞 0  超时 42
            -> 新的最佳模型 (到达 158/200), 存到 models/s1_v6_875g_nocreep/best/
[   600000]   698s  到达 150/200  碰撞 0  超时 50
[   700000]   818s  到达 142/200  碰撞 0  超时 58
[   800000]   932s  到达 134/200  碰撞 1  超时 65
[   900000]  1065s  到达 86/200  碰撞 0  超时 114
[  1000000]  1201s  到达 89/200  碰撞 0  超时 111
[  1100000]  1342s  到达 74/200  碰撞 0  超时 126
[  1200000]  1479s  到达 82/200  碰撞 0  超时 118
[  1300000]  1582s  到达 76/200  碰撞 0  超时 124
[  1400000]  1672s  到达 77/200  碰撞 1  超时 122
[  1500000]  1760s  到达 88/200  碰撞 0  超时 112
[  1600000]  1850s  到达 76/200  碰撞 0  超时 124
[  1700000]  1943s  到达 74/200  碰撞 0  超时 126
[  1800000]  2031s  到达 86/200  碰撞 0  超时 114
[  1900000]  2120s  到达 74/200  碰撞 0  超时 126
[  2000000]  2213s  到达 63/200  碰撞 0  超时 137
[  2100000]  2305s  到达 80/200  碰撞 0  超时 120
[  2200000]  2396s  到达 81/200  碰撞 1  超时 118
[  2300000]  2485s  到达 97/200  碰撞 1  超时 102
[  2400000]  2576s  到达 93/200  碰撞 0  超时 107
[  2500000]  2662s  到达 127/200  碰撞 0  超时 73
[  2600000]  2748s  到达 107/200  碰撞 0  超时 93
[  2700000]  2837s  到达 96/200  碰撞 0  超时 104
[  2800000]  2923s  到达 109/200  碰撞 0  超时 91
[  2900000]  3009s  到达 106/200  碰撞 0  超时 94
[  3000000]  3096s  到达 113/200  碰撞 0  超时 87
[  3100000]  3184s  到达 112/200  碰撞 0  超时 88
[  3200000]  3270s  到达 116/200  碰撞 0  超时 84
[  3300000]  3353s  到达 133/200  碰撞 0  超时 67
[  3400000]  3440s  到达 109/200  碰撞 0  超时 91
[  3500000]  3522s  到达 119/200  碰撞 0  超时 81
[  3600000]  3605s  到达 120/200  碰撞 0  超时 80
[  3700000]  3682s  到达 137/200  碰撞 0  超时 63
[  3800000]  3761s  到达 129/200  碰撞 0  超时 71
[  3900000]  3839s  到达 134/200  碰撞 0  超时 66
[  4000000]  3911s  到达 159/200  碰撞 0  超时 41
            -> 新的最佳模型 (到达 159/200), 存到 models/s1_v6_875g_nocreep/best/
FINAL 到达 155/200 碰撞 0 超时 45
== DONE
