[   100000]    31s  到达 149/200  碰撞 47  超时 4
[   200000]    66s  到达 172/200  碰撞 28  超时 0
[   300000]   102s  到达 166/200  碰撞 34  超时 0
[   400000]   138s  到达 160/200  碰撞 39  超时 1
[   500000]   174s  到达 170/200  碰撞 29  超时 1
[   600000]   211s  到达 172/200  碰撞 28  超时 0
[   700000]   248s  到达 166/200  碰撞 34  超时 0
[   800000]   284s  到达 168/200  碰撞 32  超时 0
[   900000]   319s  到达 168/200  碰撞 32  超时 0
[  1000000]   355s  到达 177/200  碰撞 23  超时 0
[  1100000]   391s  到达 177/200  碰撞 22  超时 1
[  1200000]   426s  到达 174/200  碰撞 26  超时 0
[  1300000]   461s  到达 167/200  碰撞 32  超时 1
[  1400000]   496s  到达 165/200  碰撞 35  超时 0
[  1500000]   530s  到达 159/200  碰撞 40  超时 1
[  1600000]   565s  到达 163/200  碰撞 36  超时 1
[  1700000]   600s  到达 162/200  碰撞 33  超时 5
[  1800000]   635s  到达 159/200  碰撞 41  超时 0
[  1900000]   670s  到达 154/200  碰撞 45  超时 1
[  2000000]   704s  到达 153/200  碰撞 46  超时 1
[  2100000]   739s  到达 159/200  碰撞 40  超时 1
[  2200000]   774s  到达 157/200  碰撞 42  超时 1
[  2300000]   808s  到达 151/200  碰撞 49  超时 0
[  2400000]   839s  到达 159/200  碰撞 41  超时 0
[  2500000]   871s  到达 164/200  碰撞 36  超时 0
[  2600000]   905s  到达 163/200  碰撞 37  超时 0
[  2700000]   940s  到达 160/200  碰撞 40  超时 0
[  2800000]   974s  到达 158/200  碰撞 42  超时 0
[  2900000]  1009s  到达 163/200  碰撞 35  超时 2
[  3000000]  1045s  到达 170/200  碰撞 28  超时 2
[  3100000]  1081s  到达 173/200  碰撞 25  超时 2
[  3200000]  1116s  到达 166/200  碰撞 33  超时 1
[  3300000]  1151s  到达 162/200  碰撞 38  超时 0
[  3400000]  1187s  到达 167/200  碰撞 33  超时 0
[  3500000]  1221s  到达 163/200  碰撞 37  超时 0
[  3600000]  1257s  到达 175/200  碰撞 25  超时 0
[  3700000]  1293s  到达 174/200  碰撞 26  超时 0
[  3800000]  1329s  到达 168/200  碰撞 32  超时 0
[  3900000]  1365s  到达 160/200  碰撞 40  超时 0
[  4000000]  1400s  到达 159/200  碰撞 41  超时 0
FINAL 到达 158/200 碰撞 42 超时 0
== DONE
固定测试场地(训练时从未见过), 7 段 x 30 轮 = 210 段:
RL(PPO)    到达 194/210 (92%)  碰撞 12  超时 4  成功段平均用时 33.0s  最近离障 0.15m
直奔目标       到达 60/210 (29%)  碰撞 150  超时 0  成功段平均用时 8.8s  最近离障 0.15m
