[   100000]    26s  到达 171/200  碰撞 29  超时 0
[   200000]    53s  到达 174/200  碰撞 26  超时 0
[   300000]    81s  到达 177/200  碰撞 23  超时 0
[   400000]   108s  到达 178/200  碰撞 22  超时 0
[   500000]   136s  到达 176/200  碰撞 24  超时 0
[   600000]   164s  到达 176/200  碰撞 24  超时 0
[   700000]   192s  到达 183/200  碰撞 17  超时 0
[   800000]   220s  到达 180/200  碰撞 18  超时 2
[   900000]   248s  到达 185/200  碰撞 14  超时 1
[  1000000]   277s  到达 183/200  碰撞 17  超时 0
[  1100000]   305s  到达 184/200  碰撞 16  超时 0
[  1200000]   333s  到达 180/200  碰撞 20  超时 0
[  1300000]   361s  到达 187/200  碰撞 13  超时 0
[  1400000]   389s  到达 182/200  碰撞 17  超时 1
[  1500000]   417s  到达 186/200  碰撞 12  超时 2
[  1600000]   445s  到达 184/200  碰撞 15  超时 1
[  1700000]   473s  到达 180/200  碰撞 20  超时 0
[  1800000]   501s  到达 183/200  碰撞 17  超时 0
[  1900000]   528s  到达 181/200  碰撞 19  超时 0
[  2000000]   557s  到达 182/200  碰撞 18  超时 0
FINAL 到达 181/200 碰撞 19 超时 0
== DONE
