[   100000]   119s  到达 94/200  碰撞 0  超时 106
            -> 新的最佳模型 (到达 94/200), 存到 models/s1_v5_measured/best/
[   200000]   233s  到达 112/200  碰撞 0  超时 88
            -> 新的最佳模型 (到达 112/200), 存到 models/s1_v5_measured/best/
[   300000]   343s  到达 137/200  碰撞 1  超时 62
            -> 新的最佳模型 (到达 137/200), 存到 models/s1_v5_measured/best/
[   400000]   456s  到达 124/200  碰撞 2  超时 74
[   500000]   573s  到达 118/200  碰撞 0  超时 82
[   600000]   685s  到达 138/200  碰撞 0  超时 62
            -> 新的最佳模型 (到达 138/200), 存到 models/s1_v5_measured/best/
[   700000]   792s  到达 143/200  碰撞 1  超时 56
            -> 新的最佳模型 (到达 143/200), 存到 models/s1_v5_measured/best/
[   800000]   907s  到达 127/200  碰撞 0  超时 73
[   900000]  1023s  到达 119/200  碰撞 2  超时 79
[  1000000]  1145s  到达 111/200  碰撞 0  超时 89
[  1100000]  1260s  到达 121/200  碰撞 1  超时 78
[  1200000]  1374s  到达 134/200  碰撞 1  超时 65
[  1300000]  1489s  到达 127/200  碰撞 1  超时 72
[  1400000]  1591s  到达 160/200  碰撞 1  超时 39
            -> 新的最佳模型 (到达 160/200), 存到 models/s1_v5_measured/best/
[  1500000]  1690s  到达 172/200  碰撞 0  超时 28
            -> 新的最佳模型 (到达 172/200), 存到 models/s1_v5_measured/best/
[  1600000]  1794s  到达 172/200  碰撞 0  超时 28
[  1700000]  1898s  到达 169/200  碰撞 0  超时 31
[  1800000]  2001s  到达 156/200  碰撞 1  超时 43
[  1900000]  2102s  到达 168/200  碰撞 0  超时 32
[  2000000]  2200s  到达 168/200  碰撞 0  超时 32
[  2100000]  2297s  到达 167/200  碰撞 0  超时 33
[  2200000]  2397s  到达 165/200  碰撞 0  超时 35
[  2300000]  2492s  到达 168/200  碰撞 0  超时 32
[  2400000]  2588s  到达 170/200  碰撞 0  超时 30
[  2500000]  2685s  到达 175/200  碰撞 0  超时 25
            -> 新的最佳模型 (到达 175/200), 存到 models/s1_v5_measured/best/
[  2600000]  2783s  到达 171/200  碰撞 0  超时 29
[  2700000]  2876s  到达 177/200  碰撞 0  超时 23
            -> 新的最佳模型 (到达 177/200), 存到 models/s1_v5_measured/best/
[  2800000]  2969s  到达 178/200  碰撞 0  超时 22
            -> 新的最佳模型 (到达 178/200), 存到 models/s1_v5_measured/best/
[  2900000]  3071s  到达 157/200  碰撞 0  超时 43
[  3000000]  3160s  到达 181/200  碰撞 0  超时 19
            -> 新的最佳模型 (到达 181/200), 存到 models/s1_v5_measured/best/
[  3100000]  3249s  到达 183/200  碰撞 0  超时 17
            -> 新的最佳模型 (到达 183/200), 存到 models/s1_v5_measured/best/
[  3200000]  3340s  到达 181/200  碰撞 0  超时 19
[  3300000]  3439s  到达 160/200  碰撞 0  超时 40
[  3400000]  3541s  到达 158/200  碰撞 0  超时 42
[  3500000]  3643s  到达 156/200  碰撞 0  超时 44
[  3600000]  3745s  到达 157/200  碰撞 0  超时 43
[  3700000]  3857s  到达 144/200  碰撞 1  超时 55
[  3800000]  3961s  到达 155/200  碰撞 1  超时 44
[  3900000]  4071s  到达 145/200  碰撞 1  超时 54
[  4000000]  4172s  到达 169/200  碰撞 0  超时 31
FINAL 到达 169/200 碰撞 0 超时 31
== DONE
