[   100000]    57s  到达 157/200  碰撞 0  超时 43
            -> 新的最佳模型 (到达 157/200), 存到 models/s1_v3_shield/best/
[   200000]   115s  到达 141/200  碰撞 4  超时 55
[   300000]   172s  到达 152/200  碰撞 8  超时 40
[   400000]   229s  到达 147/200  碰撞 5  超时 48
[   500000]   289s  到达 148/200  碰撞 2  超时 50
[   600000]   346s  到达 156/200  碰撞 6  超时 38
[   700000]   402s  到达 154/200  碰撞 7  超时 39
[   800000]   459s  到达 153/200  碰撞 10  超时 37
[   900000]   520s  到达 127/200  碰撞 5  超时 68
[  1000000]   580s  到达 139/200  碰撞 5  超时 56
[  1100000]   639s  到达 138/200  碰撞 8  超时 54
[  1200000]   697s  到达 141/200  碰撞 5  超时 54
[  1300000]   753s  到达 150/200  碰撞 7  超时 43
[  1400000]   809s  到达 146/200  碰撞 6  超时 48
[  1500000]   867s  到达 143/200  碰撞 5  超时 52
[  1600000]   924s  到达 140/200  碰撞 7  超时 53
[  1700000]   981s  到达 145/200  碰撞 6  超时 49
[  1800000]  1038s  到达 149/200  碰撞 3  超时 48
[  1900000]  1094s  到达 146/200  碰撞 4  超时 50
[  2000000]  1151s  到达 154/200  碰撞 3  超时 43
[  2100000]  1204s  到达 165/200  碰撞 4  超时 31
            -> 新的最佳模型 (到达 165/200), 存到 models/s1_v3_shield/best/
[  2200000]  1259s  到达 159/200  碰撞 4  超时 37
[  2300000]  1312s  到达 170/200  碰撞 3  超时 27
            -> 新的最佳模型 (到达 170/200), 存到 models/s1_v3_shield/best/
[  2400000]  1366s  到达 160/200  碰撞 2  超时 38
[  2500000]  1420s  到达 161/200  碰撞 3  超时 36
[  2600000]  1474s  到达 168/200  碰撞 3  超时 29
[  2700000]  1527s  到达 174/200  碰撞 1  超时 25
            -> 新的最佳模型 (到达 174/200), 存到 models/s1_v3_shield/best/
[  2800000]  1581s  到达 170/200  碰撞 2  超时 28
[  2900000]  1634s  到达 170/200  碰撞 1  超时 29
[  3000000]  1688s  到达 158/200  碰撞 1  超时 41
[  3100000]  1743s  到达 159/200  碰撞 2  超时 39
[  3200000]  1796s  到达 168/200  碰撞 2  超时 30
[  3300000]  1849s  到达 167/200  碰撞 0  超时 33
[  3400000]  1903s  到达 161/200  碰撞 1  超时 38
[  3500000]  1958s  到达 154/200  碰撞 3  超时 43
[  3600000]  2011s  到达 154/200  碰撞 2  超时 44
[  3700000]  2070s  到达 129/200  碰撞 2  超时 69
[  3800000]  2128s  到达 136/200  碰撞 5  超时 59
[  3900000]  2180s  到达 172/200  碰撞 3  超时 25
[  4000000]  2231s  到达 175/200  碰撞 3  超时 22
            -> 新的最佳模型 (到达 175/200), 存到 models/s1_v3_shield/best/
FINAL 到达 176/200 碰撞 2 超时 22
== DONE
