[   100000]    30s  到达 149/200  碰撞 47  超时 4
[   200000]    63s  到达 172/200  碰撞 28  超时 0
[   300000]    99s  到达 166/200  碰撞 34  超时 0
[   400000]   135s  到达 160/200  碰撞 39  超时 1
[   500000]   171s  到达 170/200  碰撞 29  超时 1
[   600000]   207s  到达 172/200  碰撞 28  超时 0
[   700000]   243s  到达 166/200  碰撞 34  超时 0
[   800000]   279s  到达 168/200  碰撞 32  超时 0
[   900000]   314s  到达 168/200  碰撞 32  超时 0
[  1000000]   349s  到达 177/200  碰撞 23  超时 0
[  1100000]   385s  到达 177/200  碰撞 22  超时 1
[  1200000]   420s  到达 174/200  碰撞 26  超时 0
[  1300000]   455s  到达 167/200  碰撞 32  超时 1
[  1400000]   489s  到达 165/200  碰撞 35  超时 0
[  1500000]   523s  到达 159/200  碰撞 40  超时 1
[  1600000]   558s  到达 163/200  碰撞 36  超时 1
[  1700000]   593s  到达 162/200  碰撞 33  超时 5
[  1800000]   627s  到达 159/200  碰撞 41  超时 0
[  1900000]   661s  到达 154/200  碰撞 45  超时 1
[  2000000]   696s  到达 153/200  碰撞 46  超时 1
FINAL 到达 157/200 碰撞 42 超时 1
== DONE
固定测试场地(训练时从未见过), 7 段 x 30 轮 = 210 段:
RL(PPO)    到达 88/210 (42%)  碰撞 106  超时 16  成功段平均用时 17.9s  最近离障 0.15m
直奔目标       到达 60/210 (29%)  碰撞 150  超时 0  成功段平均用时 8.8s  最近离障 0.15m
