[   100000]    80s  到达 179/200  碰撞 0  超时 21
            -> 新的最佳模型 (到达 179/200), 存到 models/s1_v6_finetune/best/
[   200000]   180s  到达 180/200  碰撞 0  超时 20
            -> 新的最佳模型 (到达 180/200), 存到 models/s1_v6_finetune/best/
[   300000]   277s  到达 182/200  碰撞 0  超时 18
            -> 新的最佳模型 (到达 182/200), 存到 models/s1_v6_finetune/best/
[   400000]   377s  到达 177/200  碰撞 0  超时 23
[   500000]   475s  到达 183/200  碰撞 0  超时 17
            -> 新的最佳模型 (到达 183/200), 存到 models/s1_v6_finetune/best/
[   600000]   572s  到达 184/200  碰撞 0  超时 16
            -> 新的最佳模型 (到达 184/200), 存到 models/s1_v6_finetune/best/
[   700000]   672s  到达 181/200  碰撞 0  超时 19
[   800000]   738s  到达 186/200  碰撞 0  超时 14
            -> 新的最佳模型 (到达 186/200), 存到 models/s1_v6_finetune/best/
[   900000]   806s  到达 178/200  碰撞 0  超时 22
[  1000000]   876s  到达 173/200  碰撞 0  超时 27
[  1100000]   945s  到达 175/200  碰撞 0  超时 25
[  1200000]  1020s  到达 161/200  碰撞 0  超时 39
[  1300000]  1092s  到达 163/200  碰撞 0  超时 37
[  1400000]  1160s  到达 178/200  碰撞 0  超时 22
[  1500000]  1226s  到达 181/200  碰撞 0  超时 19
[  1600000]  1293s  到达 175/200  碰撞 0  超时 25
[  1700000]  1362s  到达 171/200  碰撞 0  超时 29
[  1800000]  1429s  到达 177/200  碰撞 0  超时 23
[  1900000]  1496s  到达 174/200  碰撞 0  超时 26
[  2000000]  1562s  到达 177/200  碰撞 0  超时 23
FINAL 到达 176/200 碰撞 0 超时 24
== DONE
