[   100000]    80s  到达 178/200  碰撞 0  超时 22
            -> 新的最佳模型 (到达 178/200), 存到 models/s1_v6_finetune_creep/best/
[   200000]   178s  到达 179/200  碰撞 0  超时 21
            -> 新的最佳模型 (到达 179/200), 存到 models/s1_v6_finetune_creep/best/
[   300000]   278s  到达 178/200  碰撞 0  超时 22
[   400000]   376s  到达 181/200  碰撞 0  超时 19
            -> 新的最佳模型 (到达 181/200), 存到 models/s1_v6_finetune_creep/best/
[   500000]   475s  到达 179/200  碰撞 0  超时 21
[   600000]   574s  到达 176/200  碰撞 0  超时 24
[   700000]   670s  到达 183/200  碰撞 0  超时 17
            -> 新的最佳模型 (到达 183/200), 存到 models/s1_v6_finetune_creep/best/
[   800000]   737s  到达 184/200  碰撞 0  超时 16
            -> 新的最佳模型 (到达 184/200), 存到 models/s1_v6_finetune_creep/best/
[   900000]   801s  到达 186/200  碰撞 0  超时 14
            -> 新的最佳模型 (到达 186/200), 存到 models/s1_v6_finetune_creep/best/
[  1000000]   866s  到达 184/200  碰撞 0  超时 16
[  1100000]   931s  到达 182/200  碰撞 0  超时 18
[  1200000]   996s  到达 182/200  碰撞 0  超时 18
[  1300000]  1060s  到达 186/200  碰撞 0  超时 14
[  1400000]  1124s  到达 184/200  碰撞 0  超时 16
[  1500000]  1189s  到达 184/200  碰撞 0  超时 16
[  1600000]  1254s  到达 182/200  碰撞 0  超时 18
[  1700000]  1321s  到达 177/200  碰撞 0  超时 23
[  1800000]  1389s  到达 177/200  碰撞 0  超时 23
[  1900000]  1455s  到达 182/200  碰撞 0  超时 18
[  2000000]  1519s  到达 182/200  碰撞 0  超时 18
FINAL 到达 180/200 碰撞 0 超时 20
== DONE
